---
source: tap_core/tests/rav_test.rs
expression: receipts
---
[
  {
    "message": {
      "collection_id": "0xabababababababababababababababababababababababababababababababab",
      "payer": "0xabababababababababababababababababababab",
      "data_service": "0xdeaddeaddeaddeaddeaddeaddeaddeaddeaddead",
      "service_provider": "0xbeefbeefbeefbeefbeefbeefbeefbeefbeefbeef",
      "timestamp_ns": 50,
      "nonce": 50,
      "value": 50
    },
    "signature": {
      "r": "0xc23da011db5a5b9d35a324dee7e794946758b144407b4d8b6a357acfc3dcdaee",
      "s": "0x7b11193ab8bd0f31d47f7447cb5edf15537ae763ba04a3d34ae61a78a9739868",
      "yParity": "0x0",
      "v": "0x0"
    }
  },
  {
    "message": {
      "collection_id": "0xabababababababababababababababababababababababababababababababab",
      "payer": "0xabababababababababababababababababababab",
      "data_service": "0xdeaddeaddeaddeaddeaddeaddeaddeaddeaddead",
      "service_provider": "0xbeefbeefbeefbeefbeefbeefbeefbeefbeefbeef",
      "timestamp_ns": 51,
      "nonce": 51,
      "value": 51
    },
    "signature": {
      "r": "0x40512211d2c63a96c40e3219b43c751a06bfa08f29b149c5d3167738623c3868",
      "s": "0x3a065c929c835bb474d0f3b2281ecb7f036b0d23560788b67c66ad365fe3f0f2",
      "yParity": "0x1",
      "v": "0x1"
    }
  },
  {
    "message": {
      "collection_id": "0xabababababababababababababababababababababababababababababababab",
      "payer": "0xabababababababababababababababababababab",
      "data_service": "0xdeaddeaddeaddeaddeaddeaddeaddeaddeaddead",
      "service_provider": "0xbeefbeefbeefbeefbeefbeefbeefbeefbeefbeef",
      "timestamp_ns": 52,
      "nonce": 52,
      "value": 52
    },
    "signature": {
      "r": "0x4fb41ea14b06d1d123856a5da35f7fc564b58d93a608f725326c0ab55c8c1fbe",
      "s": "0x6723ab05ebbf95edb7574557406a55979b7afd8394c3f263fae7e2fafc66c183",
      "yParity": "0x0",
      "v": "0x0"
    }
  },
  {
    "message": {
      "collection_id": "0xabababababababababababababababababababababababababababababababab",
      "payer": "0xabababababababababababababababababababab",
      "data_service": "0xdeaddeaddeaddeaddeaddeaddeaddeaddeaddead",
      "service_provider": "0xbeefbeefbeefbeefbeefbeefbeefbeefbeefbeef",
      "timestamp_ns": 53,
      "nonce": 53,
      "value": 53
    },
    "signature": {
      "r": "0xe69f76ca12929f3b5710d384ab0f01362b5efe643e6b96848ad390ba91402edf",
      "s": "0x7fbca24cb6d63a4ae22ba0b111b2055f6711141ecf2e51464609c7de3b3f1e92",
      "yParity": "0x0",
      "v": "0x0"
    }
  },
  {
    "message": {
      "collection_id": "0xabababababababababababababababababababababababababababababababab",
      "payer": "0xabababababababababababababababababababab",
      "data_service": "0xdeaddeaddeaddeaddeaddeaddeaddeaddeaddead",
      "service_provider": "0xbeefbeefbeefbeefbeefbeefbeefbeefbeefbeef",
      "timestamp_ns": 54,
      "nonce": 54,
      "value": 54
    },
    "signature": {
      "r": "0xad13f399d173eb3af8a42454dba16b952d664c4348b00d29e8b12056307c9cbc",
      "s": "0x716ed2429d1f8af9ee3100bf2e7efe4899887f9702dbb9468f60ef60ff0592e6",
      "yParity": "0x1",
      "v": "0x1"
    }
  },
  {
    "message": {
      "collection_id": "0xabababababababababababababababababababababababababababababababab",
      "payer": "0xabababababababababababababababababababab",
      "data_service": "0xdeaddeaddeaddeaddeaddeaddeaddeaddeaddead",
      "service_provider": "0xbeefbeefbeefbeefbeefbeefbeefbeefbeefbeef",
      "timestamp_ns": 55,
      "nonce": 55,
      "value": 55
    },
    "signature": {
      "r": "0x44e9cd755c0bbd7416e1967bc35846500d5afcd4d070472003cd97b45c2d43",
      "s": "0x4d85489dd104f506413109b66b9a0120e37c7775fc71be2f93a00b86a14533e4",
      "yParity": "0x0",
      "v": "0x0"
    }
  },
  {
    "message": {
      "collection_id": "0xabababababababababababababababababababababababababababababababab",
      "payer": "0xabababababababababababababababababababab",
      "data_service": "0xdeaddeaddeaddeaddeaddeaddeaddeaddeaddead",
      "service_provider": "0xbeefbeefbeefbeefbeefbeefbeefbeefbeefbeef",
      "timestamp_ns": 56,
      "nonce": 56,
      "value": 56
    },
    "signature": {
      "r": "0xfe528704d3fbfca05f343f87af1d0f860714f4d282494bf264bb0359adab84de",
      "s": "0x6f6d4d80b6366211adbd48b80d665b1e724feaca37324e04127c13e4815cc39a",
      "yParity": "0x1",
      "v": "0x1"
    }
  },
  {
    "message": {
      "collection_id": "0xabababababababababababababababababababababababababababababababab",
      "payer": "0xabababababababababababababababababababab",
      "data_service": "0xdeaddeaddeaddeaddeaddeaddeaddeaddeaddead",
      "service_provider": "0xbeefbeefbeefbeefbeefbeefbeefbeefbeefbeef",
      "timestamp_ns": 57,
      "nonce": 57,
      "value": 57
    },
    "signature": {
      "r": "0x4e5b6f63cd871d2a31701cbf3e351ec814493c9c68b7b61e330ad9d16a1b9f78",
      "s": "0x73fa48da496c38189e4b865a354b7199e8f4bde4f942c4b71bd9d9b8523b88f7",
      "yParity": "0x0",
      "v": "0x0"
    }
  },
  {
    "message": {
      "collection_id": "0xabababababababababababababababababababababababababababababababab",
      "payer": "0xabababababababababababababababababababab",
      "data_service": "0xdeaddeaddeaddeaddeaddeaddeaddeaddeaddead",
      "service_provider": "0xbeefbeefbeefbeefbeefbeefbeefbeefbeefbeef",
      "timestamp_ns": 58,
      "nonce": 58,
      "value": 58
    },
    "signature": {
      "r": "0x5cc672c3be1b83461b053750f1c9062656e6204e8ccdca74cc5791782e36c0ca",
      "s": "0x456220b71c8011b9ea7fbf5951726af2dbd25dab87d03850c9c30b27d1117037",
      "yParity": "0x1",
      "v": "0x1"
    }
  },
  {
    "message": {
      "collection_id": "0xabababababababababababababababababababababababababababababababab",
      "payer": "0xabababababababababababababababababababab",
      "data_service": "0xdeaddeaddeaddeaddeaddeaddeaddeaddeaddead",
      "service_provider": "0xbeefbeefbeefbeefbeefbeefbeefbeefbeefbeef",
      "timestamp_ns": 59,
      "nonce": 59,
      "value": 59
    },
    "signature": {
      "r": "0x86024ce796db0a6c24feccae54217933002e4220a76f1911f2896e94f5377422",
      "s": "0x29c1931ad9b688519400540e302ed1bb080f5b8ebdec4628bb82f33581ff6798",
      "yParity": "0x0",
      "v": "0x0"
    }
  }
]
