---
source: tap_core/tests/rav_test.rs
expression: signed_rav
---
{
  "message": {
    "collectionId": "0xabababababababababababababababababababababababababababababababab",
    "payer": "0xabababababababababababababababababababab",
    "serviceProvider": "0xbeefbeefbeefbeefbeefbeefbeefbeefbeefbeef",
    "dataService": "0xdeaddeaddeaddeaddeaddeaddeaddeaddeaddead",
    "timestampNs": 59,
    "valueAggregate": 545,
    "metadata": "0x"
  },
  "signature": {
    "r": "0xed2663ecb148daffaaf6ff148d2ca5f215f0be02192457da01a378c148bca060",
    "s": "0x67d9342b97278aad634d4d8ccc7a8f874ce2581e34198732f201b38604a570d5",
    "yParity": "0x1",
    "v": "0x1"
  }
}
